($2 < $3)

India	1267	746	Asia
Mexico	762	78	North America
France	211	55	Europe
