/Asia/

USSR	8649	275	Asia
China	3705	1032	Asia
India	1267	746	Asia
Japan	144	120	Asia
