($0 >= "M")

USSR	8649	275	Asia
USA	3615	237	North America
Mexico	762	78	North America
