($4 !~ /Asia/)

Canada	3852	25	North America
USA	3615	237	North America
Brazil	3286	134	South America
Mexico	762	78	North America
France	211	55	Europe
Germany	96	61	Europe
England	94	56	Europe
