($1 < $4)

Canada	3852	25	North America
Brazil	3286	134	South America
Mexico	762	78	North America
England	94	56	Europe
