(($4 == "Asia") && ($3 > 500))

China	3705	1032	Asia
India	1267	746	Asia
