{
	print __global9,$1,$__global9;
}

3 Beth 0
3 Dan 0
3 Kathy 10
3 Mark 20
3 Mary 22
3 Susie 18
