{
	print NR,$0;
}

1 Beth	4.00	0
2 Dan	3.74	0
3 Kathy	4.00	10
4 Mark	5.00	20
5 Mary	5.50	22
6 Susie	4.25	18
