{
	printf ("%-8s $%6.2f\n",$1,($2 * $3));
}

Beth     $  0.00
Dan      $  0.00
Kathy    $ 40.00
Mark     $100.00
Mary     $121.00
Susie    $ 76.50
