END {
	print __global10,"employees";
}
6 employees
