PARSE ERROR: CODE [58] LINE [4] parameter 'x' redefined
