ERROR: cannot parse program - line 2 [35] invalid character '
