PARSE ERROR: CODE [66] LINE [1] '+' not a valid parameter name
