PARSE ERROR: CODE [46] LINE [5] a colon expected in place of ';'
