PARSE ERROR: CODE [51] LINE [2] BEGIN not followed by a left bracket on the same line
