PARSE ERROR: CODE [56] LINE [1] function 'abc' redefined
