BEGIN {
	xx = 20;
	split ("a  b c",xx);
}

RUN ERROR: CODE [97] LINE [3] cannot change a scalar value to a map
