PARSE ERROR: CODE [62] LINE [1] duplicate global variable 'ARGV'
