PARSE ERROR: CODE [58] LINE [4] global variable 'abc' redefined
