PARSE ERROR: CODE [41] LINE [2] a left parenthesis expected in place of '='
