global abc;

BEGIN {
	abc[20] = "abc";
	abc = 10;
}

RUN ERROR: CODE [90] LINE [5] map 'abc' not assignable with a scalar
