PARSE ERROR: CODE [65] LINE [1] '+' not a valid variable name
