PARSE ERROR: CODE [59] LINE [11] function 'abc' redefined
