PARSE ERROR: CODE [66] LINE [3] '+' not a valid variable name
