PARSE ERROR: CODE [59] LINE [2] built-in function 'substr' redefined
