PARSE ERROR: CODE [58] LINE [9] function 'abc' redefined
