PARSE ERROR: CODE [56] LINE [3] built-in function 'substr' redefined
