BEGIN {
	delete ARGC;
}

RUN ERROR: CODE [84] LINE [2] variable 'ARGC' not deletable
